I'm sorry, but errors were detected in your script. Please correct the
errors listed below, and try again.


File "game/script.rpy", line 155: expected ':' not found.
    label recess
                ^

Ren'Py Version: Ren'Py 8.5.2.26010301
Thu Mar 12 21:25:55 2026
